------------------------------------------------------------
Timing Analyzer Summary
------------------------------------------------------------

Type  : Slow 1100mV 85C Model Setup 'cpu:inst12|OP[4]'
Slack : -42.653
TNS   : -672.171

Type  : Slow 1100mV 85C Model Setup 'SW[8]'
Slack : -37.934
TNS   : -4982.690

Type  : Slow 1100mV 85C Model Setup 'lpm_dff1:inst1|lpm_ff:lpm_ff_component|dffs[0]'
Slack : -20.991
TNS   : -1323.340

Type  : Slow 1100mV 85C Model Setup 'dec_keyboard:inst11|f3'
Slack : -9.100
TNS   : -86.278

Type  : Slow 1100mV 85C Model Setup 'PS2_CLK'
Slack : -7.262
TNS   : -52.439

Type  : Slow 1100mV 85C Model Setup 'CLOCK_50'
Slack : -6.814
TNS   : -14752.522

Type  : Slow 1100mV 85C Model Setup 'clk_div:inst25|clock_100hz_int'
Slack : -2.293
TNS   : -9.651

Type  : Slow 1100mV 85C Model Setup 'clk_div:inst25|clock_100Khz_int'
Slack : -2.279
TNS   : -8.304

Type  : Slow 1100mV 85C Model Setup 'clk_div:inst25|clock_1Mhz_int'
Slack : -2.242
TNS   : -8.897

Type  : Slow 1100mV 85C Model Setup 'clk_div:inst25|clock_1Khz_int'
Slack : -1.910
TNS   : -8.404

Type  : Slow 1100mV 85C Model Setup 'clk_div:inst25|clock_1KHz'
Slack : -1.785
TNS   : -4.361

Type  : Slow 1100mV 85C Model Setup 'clk_div:inst25|clock_10Khz_int'
Slack : -1.746
TNS   : -9.028

Type  : Slow 1100mV 85C Model Setup 'clk_div:inst25|clock_10Hz_int'
Slack : -1.592
TNS   : -9.827

Type  : Slow 1100mV 85C Model Setup 'clk_div:inst25|clock_100KHz'
Slack : -1.251
TNS   : -5.268

Type  : Slow 1100mV 85C Model Hold 'CLOCK_50'
Slack : -0.915
TNS   : -1.817

Type  : Slow 1100mV 85C Model Hold 'SW[8]'
Slack : -0.514
TNS   : -1.010

Type  : Slow 1100mV 85C Model Hold 'lpm_dff1:inst1|lpm_ff:lpm_ff_component|dffs[0]'
Slack : 0.123
TNS   : 0.000

Type  : Slow 1100mV 85C Model Hold 'clk_div:inst25|clock_1Khz_int'
Slack : 0.300
TNS   : 0.000

Type  : Slow 1100mV 85C Model Hold 'PS2_CLK'
Slack : 0.435
TNS   : 0.000

Type  : Slow 1100mV 85C Model Hold 'clk_div:inst25|clock_10Khz_int'
Slack : 0.472
TNS   : 0.000

Type  : Slow 1100mV 85C Model Hold 'clk_div:inst25|clock_1Mhz_int'
Slack : 0.520
TNS   : 0.000

Type  : Slow 1100mV 85C Model Hold 'clk_div:inst25|clock_100Khz_int'
Slack : 0.605
TNS   : 0.000

Type  : Slow 1100mV 85C Model Hold 'clk_div:inst25|clock_1KHz'
Slack : 0.615
TNS   : 0.000

Type  : Slow 1100mV 85C Model Hold 'clk_div:inst25|clock_100hz_int'
Slack : 0.637
TNS   : 0.000

Type  : Slow 1100mV 85C Model Hold 'dec_keyboard:inst11|f3'
Slack : 0.759
TNS   : 0.000

Type  : Slow 1100mV 85C Model Hold 'clk_div:inst25|clock_10Hz_int'
Slack : 0.770
TNS   : 0.000

Type  : Slow 1100mV 85C Model Hold 'clk_div:inst25|clock_100KHz'
Slack : 0.792
TNS   : 0.000

Type  : Slow 1100mV 85C Model Hold 'cpu:inst12|OP[4]'
Slack : 0.792
TNS   : 0.000

Type  : Slow 1100mV 85C Model Recovery 'keyboard:inst14|ready_set'
Slack : -1.770
TNS   : -1.770

Type  : Slow 1100mV 85C Model Recovery 'keyboard:inst14|scan_ready'
Slack : -1.450
TNS   : -1.450

Type  : Slow 1100mV 85C Model Removal 'keyboard:inst14|ready_set'
Slack : 0.501
TNS   : 0.000

Type  : Slow 1100mV 85C Model Removal 'keyboard:inst14|scan_ready'
Slack : 0.789
TNS   : 0.000

Type  : Slow 1100mV 85C Model Minimum Pulse Width 'CLOCK_50'
Slack : -2.636
TNS   : -15234.873

Type  : Slow 1100mV 85C Model Minimum Pulse Width 'SW[8]'
Slack : -1.041
TNS   : -547.917

Type  : Slow 1100mV 85C Model Minimum Pulse Width 'PS2_CLK'
Slack : -0.731
TNS   : -21.872

Type  : Slow 1100mV 85C Model Minimum Pulse Width 'lpm_dff1:inst1|lpm_ff:lpm_ff_component|dffs[0]'
Slack : -0.538
TNS   : -142.173

Type  : Slow 1100mV 85C Model Minimum Pulse Width 'dec_keyboard:inst11|f3'
Slack : -0.538
TNS   : -8.228

Type  : Slow 1100mV 85C Model Minimum Pulse Width 'clk_div:inst25|clock_1Mhz_int'
Slack : -0.538
TNS   : -5.429

Type  : Slow 1100mV 85C Model Minimum Pulse Width 'clk_div:inst25|clock_10Hz_int'
Slack : -0.538
TNS   : -5.390

Type  : Slow 1100mV 85C Model Minimum Pulse Width 'clk_div:inst25|clock_1Khz_int'
Slack : -0.538
TNS   : -5.011

Type  : Slow 1100mV 85C Model Minimum Pulse Width 'clk_div:inst25|clock_100KHz'
Slack : -0.538
TNS   : -4.843

Type  : Slow 1100mV 85C Model Minimum Pulse Width 'clk_div:inst25|clock_100hz_int'
Slack : -0.538
TNS   : -4.706

Type  : Slow 1100mV 85C Model Minimum Pulse Width 'clk_div:inst25|clock_10Khz_int'
Slack : -0.538
TNS   : -4.613

Type  : Slow 1100mV 85C Model Minimum Pulse Width 'clk_div:inst25|clock_100Khz_int'
Slack : -0.538
TNS   : -4.547

Type  : Slow 1100mV 85C Model Minimum Pulse Width 'clk_div:inst25|clock_1KHz'
Slack : -0.538
TNS   : -2.543

Type  : Slow 1100mV 85C Model Minimum Pulse Width 'keyboard:inst14|scan_ready'
Slack : -0.538
TNS   : -0.818

Type  : Slow 1100mV 85C Model Minimum Pulse Width 'keyboard:inst14|ready_set'
Slack : -0.538
TNS   : -0.813

Type  : Slow 1100mV 85C Model Minimum Pulse Width 'cpu:inst12|OP[4]'
Slack : 0.048
TNS   : 0.000

Type  : Slow 1100mV 0C Model Setup 'cpu:inst12|OP[4]'
Slack : -44.025
TNS   : -695.705

Type  : Slow 1100mV 0C Model Setup 'SW[8]'
Slack : -39.622
TNS   : -4964.932

Type  : Slow 1100mV 0C Model Setup 'lpm_dff1:inst1|lpm_ff:lpm_ff_component|dffs[0]'
Slack : -21.712
TNS   : -1350.944

Type  : Slow 1100mV 0C Model Setup 'dec_keyboard:inst11|f3'
Slack : -9.230
TNS   : -87.245

Type  : Slow 1100mV 0C Model Setup 'PS2_CLK'
Slack : -7.367
TNS   : -51.450

Type  : Slow 1100mV 0C Model Setup 'CLOCK_50'
Slack : -6.503
TNS   : -13473.865

Type  : Slow 1100mV 0C Model Setup 'clk_div:inst25|clock_100hz_int'
Slack : -2.324
TNS   : -10.029

Type  : Slow 1100mV 0C Model Setup 'clk_div:inst25|clock_100Khz_int'
Slack : -2.288
TNS   : -8.663

Type  : Slow 1100mV 0C Model Setup 'clk_div:inst25|clock_1Mhz_int'
Slack : -2.213
TNS   : -9.121

Type  : Slow 1100mV 0C Model Setup 'clk_div:inst25|clock_1Khz_int'
Slack : -1.896
TNS   : -8.556

Type  : Slow 1100mV 0C Model Setup 'clk_div:inst25|clock_10Khz_int'
Slack : -1.811
TNS   : -9.163

Type  : Slow 1100mV 0C Model Setup 'clk_div:inst25|clock_1KHz'
Slack : -1.810
TNS   : -4.141

Type  : Slow 1100mV 0C Model Setup 'clk_div:inst25|clock_10Hz_int'
Slack : -1.639
TNS   : -9.941

Type  : Slow 1100mV 0C Model Setup 'clk_div:inst25|clock_100KHz'
Slack : -1.201
TNS   : -5.341

Type  : Slow 1100mV 0C Model Hold 'CLOCK_50'
Slack : -1.145
TNS   : -2.430

Type  : Slow 1100mV 0C Model Hold 'SW[8]'
Slack : -0.518
TNS   : -0.823

Type  : Slow 1100mV 0C Model Hold 'lpm_dff1:inst1|lpm_ff:lpm_ff_component|dffs[0]'
Slack : 0.194
TNS   : 0.000

Type  : Slow 1100mV 0C Model Hold 'clk_div:inst25|clock_1Khz_int'
Slack : 0.340
TNS   : 0.000

Type  : Slow 1100mV 0C Model Hold 'PS2_CLK'
Slack : 0.418
TNS   : 0.000

Type  : Slow 1100mV 0C Model Hold 'clk_div:inst25|clock_1Mhz_int'
Slack : 0.519
TNS   : 0.000

Type  : Slow 1100mV 0C Model Hold 'clk_div:inst25|clock_100Khz_int'
Slack : 0.550
TNS   : 0.000

Type  : Slow 1100mV 0C Model Hold 'clk_div:inst25|clock_10Khz_int'
Slack : 0.577
TNS   : 0.000

Type  : Slow 1100mV 0C Model Hold 'clk_div:inst25|clock_1KHz'
Slack : 0.591
TNS   : 0.000

Type  : Slow 1100mV 0C Model Hold 'clk_div:inst25|clock_100hz_int'
Slack : 0.710
TNS   : 0.000

Type  : Slow 1100mV 0C Model Hold 'clk_div:inst25|clock_10Hz_int'
Slack : 0.712
TNS   : 0.000

Type  : Slow 1100mV 0C Model Hold 'dec_keyboard:inst11|f3'
Slack : 0.749
TNS   : 0.000

Type  : Slow 1100mV 0C Model Hold 'clk_div:inst25|clock_100KHz'
Slack : 0.751
TNS   : 0.000

Type  : Slow 1100mV 0C Model Hold 'cpu:inst12|OP[4]'
Slack : 0.778
TNS   : 0.000

Type  : Slow 1100mV 0C Model Recovery 'keyboard:inst14|ready_set'
Slack : -1.756
TNS   : -1.756

Type  : Slow 1100mV 0C Model Recovery 'keyboard:inst14|scan_ready'
Slack : -1.359
TNS   : -1.359

Type  : Slow 1100mV 0C Model Removal 'keyboard:inst14|ready_set'
Slack : 0.496
TNS   : 0.000

Type  : Slow 1100mV 0C Model Removal 'keyboard:inst14|scan_ready'
Slack : 0.755
TNS   : 0.000

Type  : Slow 1100mV 0C Model Minimum Pulse Width 'CLOCK_50'
Slack : -2.636
TNS   : -15237.038

Type  : Slow 1100mV 0C Model Minimum Pulse Width 'SW[8]'
Slack : -1.101
TNS   : -617.505

Type  : Slow 1100mV 0C Model Minimum Pulse Width 'PS2_CLK'
Slack : -0.784
TNS   : -19.779

Type  : Slow 1100mV 0C Model Minimum Pulse Width 'lpm_dff1:inst1|lpm_ff:lpm_ff_component|dffs[0]'
Slack : -0.538
TNS   : -141.023

Type  : Slow 1100mV 0C Model Minimum Pulse Width 'dec_keyboard:inst11|f3'
Slack : -0.538
TNS   : -8.146

Type  : Slow 1100mV 0C Model Minimum Pulse Width 'clk_div:inst25|clock_1Mhz_int'
Slack : -0.538
TNS   : -5.412

Type  : Slow 1100mV 0C Model Minimum Pulse Width 'clk_div:inst25|clock_10Hz_int'
Slack : -0.538
TNS   : -5.404

Type  : Slow 1100mV 0C Model Minimum Pulse Width 'clk_div:inst25|clock_1Khz_int'
Slack : -0.538
TNS   : -4.968

Type  : Slow 1100mV 0C Model Minimum Pulse Width 'clk_div:inst25|clock_100KHz'
Slack : -0.538
TNS   : -4.775

Type  : Slow 1100mV 0C Model Minimum Pulse Width 'clk_div:inst25|clock_100hz_int'
Slack : -0.538
TNS   : -4.668

Type  : Slow 1100mV 0C Model Minimum Pulse Width 'clk_div:inst25|clock_10Khz_int'
Slack : -0.538
TNS   : -4.636

Type  : Slow 1100mV 0C Model Minimum Pulse Width 'clk_div:inst25|clock_100Khz_int'
Slack : -0.538
TNS   : -4.468

Type  : Slow 1100mV 0C Model Minimum Pulse Width 'clk_div:inst25|clock_1KHz'
Slack : -0.538
TNS   : -2.485

Type  : Slow 1100mV 0C Model Minimum Pulse Width 'keyboard:inst14|scan_ready'
Slack : -0.538
TNS   : -0.807

Type  : Slow 1100mV 0C Model Minimum Pulse Width 'keyboard:inst14|ready_set'
Slack : -0.538
TNS   : -0.806

Type  : Slow 1100mV 0C Model Minimum Pulse Width 'cpu:inst12|OP[4]'
Slack : 0.138
TNS   : 0.000

Type  : Fast 1100mV 85C Model Setup 'cpu:inst12|OP[4]'
Slack : -19.839
TNS   : -309.202

Type  : Fast 1100mV 85C Model Setup 'SW[8]'
Slack : -17.554
TNS   : -2628.226

Type  : Fast 1100mV 85C Model Setup 'lpm_dff1:inst1|lpm_ff:lpm_ff_component|dffs[0]'
Slack : -9.191
TNS   : -582.719

Type  : Fast 1100mV 85C Model Setup 'dec_keyboard:inst11|f3'
Slack : -3.983
TNS   : -38.056

Type  : Fast 1100mV 85C Model Setup 'CLOCK_50'
Slack : -3.884
TNS   : -6531.824

Type  : Fast 1100mV 85C Model Setup 'PS2_CLK'
Slack : -3.494
TNS   : -14.488

Type  : Fast 1100mV 85C Model Setup 'clk_div:inst25|clock_100Khz_int'
Slack : -1.338
TNS   : -2.893

Type  : Fast 1100mV 85C Model Setup 'clk_div:inst25|clock_1Mhz_int'
Slack : -1.142
TNS   : -2.834

Type  : Fast 1100mV 85C Model Setup 'clk_div:inst25|clock_1Khz_int'
Slack : -1.044
TNS   : -2.637

Type  : Fast 1100mV 85C Model Setup 'clk_div:inst25|clock_100hz_int'
Slack : -1.032
TNS   : -2.882

Type  : Fast 1100mV 85C Model Setup 'clk_div:inst25|clock_10Khz_int'
Slack : -0.720
TNS   : -2.848

Type  : Fast 1100mV 85C Model Setup 'clk_div:inst25|clock_1KHz'
Slack : -0.585
TNS   : -1.200

Type  : Fast 1100mV 85C Model Setup 'clk_div:inst25|clock_10Hz_int'
Slack : -0.502
TNS   : -2.861

Type  : Fast 1100mV 85C Model Setup 'clk_div:inst25|clock_100KHz'
Slack : -0.490
TNS   : -1.324

Type  : Fast 1100mV 85C Model Hold 'CLOCK_50'
Slack : -0.564
TNS   : -1.214

Type  : Fast 1100mV 85C Model Hold 'lpm_dff1:inst1|lpm_ff:lpm_ff_component|dffs[0]'
Slack : -0.202
TNS   : -0.202

Type  : Fast 1100mV 85C Model Hold 'clk_div:inst25|clock_1Khz_int'
Slack : -0.049
TNS   : -0.049

Type  : Fast 1100mV 85C Model Hold 'SW[8]'
Slack : -0.046
TNS   : -0.046

Type  : Fast 1100mV 85C Model Hold 'clk_div:inst25|clock_10Khz_int'
Slack : -0.038
TNS   : -0.038

Type  : Fast 1100mV 85C Model Hold 'clk_div:inst25|clock_1KHz'
Slack : 0.008
TNS   : 0.000

Type  : Fast 1100mV 85C Model Hold 'clk_div:inst25|clock_1Mhz_int'
Slack : 0.047
TNS   : 0.000

Type  : Fast 1100mV 85C Model Hold 'clk_div:inst25|clock_100Khz_int'
Slack : 0.144
TNS   : 0.000

Type  : Fast 1100mV 85C Model Hold 'clk_div:inst25|clock_100hz_int'
Slack : 0.152
TNS   : 0.000

Type  : Fast 1100mV 85C Model Hold 'PS2_CLK'
Slack : 0.179
TNS   : 0.000

Type  : Fast 1100mV 85C Model Hold 'clk_div:inst25|clock_100KHz'
Slack : 0.301
TNS   : 0.000

Type  : Fast 1100mV 85C Model Hold 'clk_div:inst25|clock_10Hz_int'
Slack : 0.324
TNS   : 0.000

Type  : Fast 1100mV 85C Model Hold 'dec_keyboard:inst11|f3'
Slack : 0.338
TNS   : 0.000

Type  : Fast 1100mV 85C Model Hold 'cpu:inst12|OP[4]'
Slack : 0.471
TNS   : 0.000

Type  : Fast 1100mV 85C Model Recovery 'keyboard:inst14|ready_set'
Slack : -1.227
TNS   : -1.227

Type  : Fast 1100mV 85C Model Recovery 'keyboard:inst14|scan_ready'
Slack : -0.486
TNS   : -0.486

Type  : Fast 1100mV 85C Model Removal 'keyboard:inst14|scan_ready'
Slack : 0.130
TNS   : 0.000

Type  : Fast 1100mV 85C Model Removal 'keyboard:inst14|ready_set'
Slack : 0.172
TNS   : 0.000

Type  : Fast 1100mV 85C Model Minimum Pulse Width 'CLOCK_50'
Slack : -2.174
TNS   : -12498.801

Type  : Fast 1100mV 85C Model Minimum Pulse Width 'SW[8]'
Slack : -1.062
TNS   : -533.337

Type  : Fast 1100mV 85C Model Minimum Pulse Width 'PS2_CLK'
Slack : -0.803
TNS   : -15.798

Type  : Fast 1100mV 85C Model Minimum Pulse Width 'lpm_dff1:inst1|lpm_ff:lpm_ff_component|dffs[0]'
Slack : -0.129
TNS   : -7.308

Type  : Fast 1100mV 85C Model Minimum Pulse Width 'clk_div:inst25|clock_100Khz_int'
Slack : -0.043
TNS   : -0.209

Type  : Fast 1100mV 85C Model Minimum Pulse Width 'clk_div:inst25|clock_1Mhz_int'
Slack : -0.041
TNS   : -0.239

Type  : Fast 1100mV 85C Model Minimum Pulse Width 'clk_div:inst25|clock_1KHz'
Slack : 0.021
TNS   : 0.000

Type  : Fast 1100mV 85C Model Minimum Pulse Width 'keyboard:inst14|scan_ready'
Slack : 0.025
TNS   : 0.000

Type  : Fast 1100mV 85C Model Minimum Pulse Width 'clk_div:inst25|clock_1Khz_int'
Slack : 0.037
TNS   : 0.000

Type  : Fast 1100mV 85C Model Minimum Pulse Width 'dec_keyboard:inst11|f3'
Slack : 0.042
TNS   : 0.000

Type  : Fast 1100mV 85C Model Minimum Pulse Width 'clk_div:inst25|clock_100KHz'
Slack : 0.059
TNS   : 0.000

Type  : Fast 1100mV 85C Model Minimum Pulse Width 'keyboard:inst14|ready_set'
Slack : 0.068
TNS   : 0.000

Type  : Fast 1100mV 85C Model Minimum Pulse Width 'clk_div:inst25|clock_10Hz_int'
Slack : 0.132
TNS   : 0.000

Type  : Fast 1100mV 85C Model Minimum Pulse Width 'clk_div:inst25|clock_100hz_int'
Slack : 0.142
TNS   : 0.000

Type  : Fast 1100mV 85C Model Minimum Pulse Width 'clk_div:inst25|clock_10Khz_int'
Slack : 0.145
TNS   : 0.000

Type  : Fast 1100mV 85C Model Minimum Pulse Width 'cpu:inst12|OP[4]'
Slack : 0.232
TNS   : 0.000

Type  : Fast 1100mV 0C Model Setup 'cpu:inst12|OP[4]'
Slack : -18.551
TNS   : -289.692

Type  : Fast 1100mV 0C Model Setup 'SW[8]'
Slack : -16.377
TNS   : -2339.588

Type  : Fast 1100mV 0C Model Setup 'lpm_dff1:inst1|lpm_ff:lpm_ff_component|dffs[0]'
Slack : -8.509
TNS   : -531.358

Type  : Fast 1100mV 0C Model Setup 'dec_keyboard:inst11|f3'
Slack : -3.858
TNS   : -36.834

Type  : Fast 1100mV 0C Model Setup 'CLOCK_50'
Slack : -3.446
TNS   : -5373.379

Type  : Fast 1100mV 0C Model Setup 'PS2_CLK'
Slack : -3.313
TNS   : -11.790

Type  : Fast 1100mV 0C Model Setup 'clk_div:inst25|clock_100Khz_int'
Slack : -1.180
TNS   : -2.529

Type  : Fast 1100mV 0C Model Setup 'clk_div:inst25|clock_1Mhz_int'
Slack : -1.021
TNS   : -2.478

Type  : Fast 1100mV 0C Model Setup 'clk_div:inst25|clock_100hz_int'
Slack : -0.953
TNS   : -2.514

Type  : Fast 1100mV 0C Model Setup 'clk_div:inst25|clock_1Khz_int'
Slack : -0.942
TNS   : -2.255

Type  : Fast 1100mV 0C Model Setup 'clk_div:inst25|clock_10Khz_int'
Slack : -0.684
TNS   : -2.479

Type  : Fast 1100mV 0C Model Setup 'clk_div:inst25|clock_1KHz'
Slack : -0.505
TNS   : -0.930

Type  : Fast 1100mV 0C Model Setup 'clk_div:inst25|clock_10Hz_int'
Slack : -0.432
TNS   : -2.348

Type  : Fast 1100mV 0C Model Setup 'clk_div:inst25|clock_100KHz'
Slack : -0.386
TNS   : -1.023

Type  : Fast 1100mV 0C Model Hold 'CLOCK_50'
Slack : -0.672
TNS   : -14.413

Type  : Fast 1100mV 0C Model Hold 'lpm_dff1:inst1|lpm_ff:lpm_ff_component|dffs[0]'
Slack : -0.201
TNS   : -0.201

Type  : Fast 1100mV 0C Model Hold 'clk_div:inst25|clock_1Khz_int'
Slack : -0.071
TNS   : -0.071

Type  : Fast 1100mV 0C Model Hold 'clk_div:inst25|clock_1KHz'
Slack : -0.061
TNS   : -0.120

Type  : Fast 1100mV 0C Model Hold 'clk_div:inst25|clock_10Khz_int'
Slack : -0.039
TNS   : -0.039

Type  : Fast 1100mV 0C Model Hold 'SW[8]'
Slack : -0.020
TNS   : -0.020

Type  : Fast 1100mV 0C Model Hold 'clk_div:inst25|clock_1Mhz_int'
Slack : -0.003
TNS   : -0.003

Type  : Fast 1100mV 0C Model Hold 'clk_div:inst25|clock_100Khz_int'
Slack : 0.063
TNS   : 0.000

Type  : Fast 1100mV 0C Model Hold 'clk_div:inst25|clock_100hz_int'
Slack : 0.120
TNS   : 0.000

Type  : Fast 1100mV 0C Model Hold 'PS2_CLK'
Slack : 0.171
TNS   : 0.000

Type  : Fast 1100mV 0C Model Hold 'clk_div:inst25|clock_100KHz'
Slack : 0.262
TNS   : 0.000

Type  : Fast 1100mV 0C Model Hold 'clk_div:inst25|clock_10Hz_int'
Slack : 0.275
TNS   : 0.000

Type  : Fast 1100mV 0C Model Hold 'dec_keyboard:inst11|f3'
Slack : 0.300
TNS   : 0.000

Type  : Fast 1100mV 0C Model Hold 'cpu:inst12|OP[4]'
Slack : 0.434
TNS   : 0.000

Type  : Fast 1100mV 0C Model Recovery 'keyboard:inst14|ready_set'
Slack : -1.062
TNS   : -1.062

Type  : Fast 1100mV 0C Model Recovery 'keyboard:inst14|scan_ready'
Slack : -0.386
TNS   : -0.386

Type  : Fast 1100mV 0C Model Removal 'keyboard:inst14|scan_ready'
Slack : 0.065
TNS   : 0.000

Type  : Fast 1100mV 0C Model Removal 'keyboard:inst14|ready_set'
Slack : 0.120
TNS   : 0.000

Type  : Fast 1100mV 0C Model Minimum Pulse Width 'CLOCK_50'
Slack : -2.174
TNS   : -12712.177

Type  : Fast 1100mV 0C Model Minimum Pulse Width 'SW[8]'
Slack : -1.040
TNS   : -542.883

Type  : Fast 1100mV 0C Model Minimum Pulse Width 'PS2_CLK'
Slack : -0.822
TNS   : -17.414

Type  : Fast 1100mV 0C Model Minimum Pulse Width 'lpm_dff1:inst1|lpm_ff:lpm_ff_component|dffs[0]'
Slack : -0.078
TNS   : -2.136

Type  : Fast 1100mV 0C Model Minimum Pulse Width 'clk_div:inst25|clock_100Khz_int'
Slack : 0.006
TNS   : 0.000

Type  : Fast 1100mV 0C Model Minimum Pulse Width 'clk_div:inst25|clock_1Mhz_int'
Slack : 0.007
TNS   : 0.000

Type  : Fast 1100mV 0C Model Minimum Pulse Width 'clk_div:inst25|clock_1KHz'
Slack : 0.052
TNS   : 0.000

Type  : Fast 1100mV 0C Model Minimum Pulse Width 'keyboard:inst14|scan_ready'
Slack : 0.059
TNS   : 0.000

Type  : Fast 1100mV 0C Model Minimum Pulse Width 'dec_keyboard:inst11|f3'
Slack : 0.065
TNS   : 0.000

Type  : Fast 1100mV 0C Model Minimum Pulse Width 'clk_div:inst25|clock_1Khz_int'
Slack : 0.066
TNS   : 0.000

Type  : Fast 1100mV 0C Model Minimum Pulse Width 'clk_div:inst25|clock_100KHz'
Slack : 0.082
TNS   : 0.000

Type  : Fast 1100mV 0C Model Minimum Pulse Width 'keyboard:inst14|ready_set'
Slack : 0.088
TNS   : 0.000

Type  : Fast 1100mV 0C Model Minimum Pulse Width 'clk_div:inst25|clock_10Hz_int'
Slack : 0.130
TNS   : 0.000

Type  : Fast 1100mV 0C Model Minimum Pulse Width 'clk_div:inst25|clock_10Khz_int'
Slack : 0.144
TNS   : 0.000

Type  : Fast 1100mV 0C Model Minimum Pulse Width 'clk_div:inst25|clock_100hz_int'
Slack : 0.146
TNS   : 0.000

Type  : Fast 1100mV 0C Model Minimum Pulse Width 'cpu:inst12|OP[4]'
Slack : 0.299
TNS   : 0.000

------------------------------------------------------------
